------------------------------------------------------------
TimeQuest Timing Analyzer Summary
------------------------------------------------------------

Type  : Slow 1200mV 85C Model Setup 'CAPdrive:CAPdriver|Z_1:DEPHASE|Qd[1]'
Slack : -2.419
TNS   : -9.597

Type  : Slow 1200mV 85C Model Setup 'div800k:DIV800|Qaux[5]'
Slack : -1.843
TNS   : -5.633

Type  : Slow 1200mV 85C Model Setup 'SCCBdrive:SCCBdriver|clk400data'
Slack : -1.764
TNS   : -18.009

Type  : Slow 1200mV 85C Model Setup 'GPIO1_D[8]'
Slack : -1.405
TNS   : -6.661

Type  : Slow 1200mV 85C Model Setup 'div800k:DIV800|Qaux[4]'
Slack : -0.013
TNS   : -0.013

Type  : Slow 1200mV 85C Model Setup 'div800k:DIV800|Qaux[1]'
Slack : 0.065
TNS   : 0.000

Type  : Slow 1200mV 85C Model Setup 'div800k:DIV800|Qaux[2]'
Slack : 0.101
TNS   : 0.000

Type  : Slow 1200mV 85C Model Setup 'div800k:DIV800|Qaux[0]'
Slack : 0.205
TNS   : 0.000

Type  : Slow 1200mV 85C Model Setup 'div800k:DIV800|Qaux[3]'
Slack : 0.207
TNS   : 0.000

Type  : Slow 1200mV 85C Model Setup 'CLOCK_50'
Slack : 0.230
TNS   : 0.000

Type  : Slow 1200mV 85C Model Hold 'div800k:DIV800|Qaux[5]'
Slack : -0.320
TNS   : -0.405

Type  : Slow 1200mV 85C Model Hold 'CLOCK_50'
Slack : -0.111
TNS   : -0.111

Type  : Slow 1200mV 85C Model Hold 'div800k:DIV800|Qaux[1]'
Slack : -0.007
TNS   : -0.007

Type  : Slow 1200mV 85C Model Hold 'div800k:DIV800|Qaux[2]'
Slack : 0.017
TNS   : 0.000

Type  : Slow 1200mV 85C Model Hold 'div800k:DIV800|Qaux[3]'
Slack : 0.019
TNS   : 0.000

Type  : Slow 1200mV 85C Model Hold 'div800k:DIV800|Qaux[0]'
Slack : 0.023
TNS   : 0.000

Type  : Slow 1200mV 85C Model Hold 'div800k:DIV800|Qaux[4]'
Slack : 0.038
TNS   : 0.000

Type  : Slow 1200mV 85C Model Hold 'GPIO1_D[8]'
Slack : 0.359
TNS   : 0.000

Type  : Slow 1200mV 85C Model Hold 'SCCBdrive:SCCBdriver|clk400data'
Slack : 0.372
TNS   : 0.000

Type  : Slow 1200mV 85C Model Hold 'CAPdrive:CAPdriver|Z_1:DEPHASE|Qd[1]'
Slack : 2.814
TNS   : 0.000

Type  : Slow 1200mV 85C Model Recovery 'SCCBdrive:SCCBdriver|clk400data'
Slack : -1.632
TNS   : -6.362

Type  : Slow 1200mV 85C Model Removal 'SCCBdrive:SCCBdriver|clk400data'
Slack : 0.276
TNS   : 0.000

Type  : Slow 1200mV 85C Model Minimum Pulse Width 'GPIO1_D[8]'
Slack : -3.000
TNS   : -21.102

Type  : Slow 1200mV 85C Model Minimum Pulse Width 'SCCBdrive:SCCBdriver|clk400data'
Slack : -1.000
TNS   : -55.000

Type  : Slow 1200mV 85C Model Minimum Pulse Width 'div800k:DIV800|Qaux[5]'
Slack : -1.000
TNS   : -8.000

Type  : Slow 1200mV 85C Model Minimum Pulse Width 'CAPdrive:CAPdriver|Z_1:DEPHASE|Qd[1]'
Slack : -1.000
TNS   : -4.000

Type  : Slow 1200mV 85C Model Minimum Pulse Width 'div800k:DIV800|Qaux[0]'
Slack : -1.000
TNS   : -1.000

Type  : Slow 1200mV 85C Model Minimum Pulse Width 'div800k:DIV800|Qaux[1]'
Slack : -1.000
TNS   : -1.000

Type  : Slow 1200mV 85C Model Minimum Pulse Width 'div800k:DIV800|Qaux[2]'
Slack : -1.000
TNS   : -1.000

Type  : Slow 1200mV 85C Model Minimum Pulse Width 'div800k:DIV800|Qaux[3]'
Slack : -1.000
TNS   : -1.000

Type  : Slow 1200mV 85C Model Minimum Pulse Width 'div800k:DIV800|Qaux[4]'
Slack : -1.000
TNS   : -1.000

Type  : Slow 1200mV 85C Model Minimum Pulse Width 'SCCBdrive:SCCBdriver|C_E'
Slack : 0.472
TNS   : 0.000

Type  : Slow 1200mV 85C Model Minimum Pulse Width 'CLOCK_50'
Slack : 4.704
TNS   : 0.000

Type  : Slow 1200mV 0C Model Setup 'CAPdrive:CAPdriver|Z_1:DEPHASE|Qd[1]'
Slack : -2.192
TNS   : -8.697

Type  : Slow 1200mV 0C Model Setup 'div800k:DIV800|Qaux[5]'
Slack : -1.629
TNS   : -4.674

Type  : Slow 1200mV 0C Model Setup 'SCCBdrive:SCCBdriver|clk400data'
Slack : -1.473
TNS   : -10.367

Type  : Slow 1200mV 0C Model Setup 'GPIO1_D[8]'
Slack : -1.205
TNS   : -5.622

Type  : Slow 1200mV 0C Model Setup 'div800k:DIV800|Qaux[4]'
Slack : 0.065
TNS   : 0.000

Type  : Slow 1200mV 0C Model Setup 'div800k:DIV800|Qaux[1]'
Slack : 0.135
TNS   : 0.000

Type  : Slow 1200mV 0C Model Setup 'div800k:DIV800|Qaux[2]'
Slack : 0.172
TNS   : 0.000

Type  : Slow 1200mV 0C Model Setup 'div800k:DIV800|Qaux[0]'
Slack : 0.237
TNS   : 0.000

Type  : Slow 1200mV 0C Model Setup 'div800k:DIV800|Qaux[3]'
Slack : 0.240
TNS   : 0.000

Type  : Slow 1200mV 0C Model Setup 'CLOCK_50'
Slack : 0.302
TNS   : 0.000

Type  : Slow 1200mV 0C Model Hold 'div800k:DIV800|Qaux[5]'
Slack : -0.250
TNS   : -0.299

Type  : Slow 1200mV 0C Model Hold 'CLOCK_50'
Slack : -0.176
TNS   : -0.176

Type  : Slow 1200mV 0C Model Hold 'div800k:DIV800|Qaux[1]'
Slack : -0.035
TNS   : -0.035

Type  : Slow 1200mV 0C Model Hold 'div800k:DIV800|Qaux[2]'
Slack : -0.005
TNS   : -0.005

Type  : Slow 1200mV 0C Model Hold 'div800k:DIV800|Qaux[4]'
Slack : 0.004
TNS   : 0.000

Type  : Slow 1200mV 0C Model Hold 'div800k:DIV800|Qaux[3]'
Slack : 0.007
TNS   : 0.000

Type  : Slow 1200mV 0C Model Hold 'div800k:DIV800|Qaux[0]'
Slack : 0.011
TNS   : 0.000

Type  : Slow 1200mV 0C Model Hold 'GPIO1_D[8]'
Slack : 0.313
TNS   : 0.000

Type  : Slow 1200mV 0C Model Hold 'SCCBdrive:SCCBdriver|clk400data'
Slack : 0.338
TNS   : 0.000

Type  : Slow 1200mV 0C Model Hold 'CAPdrive:CAPdriver|Z_1:DEPHASE|Qd[1]'
Slack : 2.670
TNS   : 0.000

Type  : Slow 1200mV 0C Model Recovery 'SCCBdrive:SCCBdriver|clk400data'
Slack : -1.405
TNS   : -4.646

Type  : Slow 1200mV 0C Model Removal 'SCCBdrive:SCCBdriver|clk400data'
Slack : 0.321
TNS   : 0.000

Type  : Slow 1200mV 0C Model Minimum Pulse Width 'GPIO1_D[8]'
Slack : -3.000
TNS   : -21.000

Type  : Slow 1200mV 0C Model Minimum Pulse Width 'SCCBdrive:SCCBdriver|clk400data'
Slack : -1.000
TNS   : -55.000

Type  : Slow 1200mV 0C Model Minimum Pulse Width 'div800k:DIV800|Qaux[5]'
Slack : -1.000
TNS   : -8.000

Type  : Slow 1200mV 0C Model Minimum Pulse Width 'CAPdrive:CAPdriver|Z_1:DEPHASE|Qd[1]'
Slack : -1.000
TNS   : -4.000

Type  : Slow 1200mV 0C Model Minimum Pulse Width 'div800k:DIV800|Qaux[0]'
Slack : -1.000
TNS   : -1.000

Type  : Slow 1200mV 0C Model Minimum Pulse Width 'div800k:DIV800|Qaux[1]'
Slack : -1.000
TNS   : -1.000

Type  : Slow 1200mV 0C Model Minimum Pulse Width 'div800k:DIV800|Qaux[2]'
Slack : -1.000
TNS   : -1.000

Type  : Slow 1200mV 0C Model Minimum Pulse Width 'div800k:DIV800|Qaux[3]'
Slack : -1.000
TNS   : -1.000

Type  : Slow 1200mV 0C Model Minimum Pulse Width 'div800k:DIV800|Qaux[4]'
Slack : -1.000
TNS   : -1.000

Type  : Slow 1200mV 0C Model Minimum Pulse Width 'SCCBdrive:SCCBdriver|C_E'
Slack : 0.482
TNS   : 0.000

Type  : Slow 1200mV 0C Model Minimum Pulse Width 'CLOCK_50'
Slack : 4.648
TNS   : 0.000

Type  : Fast 1200mV 0C Model Setup 'CAPdrive:CAPdriver|Z_1:DEPHASE|Qd[1]'
Slack : -1.541
TNS   : -6.119

Type  : Fast 1200mV 0C Model Setup 'div800k:DIV800|Qaux[5]'
Slack : -0.829
TNS   : -2.098

Type  : Fast 1200mV 0C Model Setup 'SCCBdrive:SCCBdriver|clk400data'
Slack : -0.604
TNS   : -0.604

Type  : Fast 1200mV 0C Model Setup 'GPIO1_D[8]'
Slack : -0.288
TNS   : -0.969

Type  : Fast 1200mV 0C Model Setup 'div800k:DIV800|Qaux[4]'
Slack : 0.226
TNS   : 0.000

Type  : Fast 1200mV 0C Model Setup 'div800k:DIV800|Qaux[1]'
Slack : 0.251
TNS   : 0.000

Type  : Fast 1200mV 0C Model Setup 'div800k:DIV800|Qaux[2]'
Slack : 0.291
TNS   : 0.000

Type  : Fast 1200mV 0C Model Setup 'div800k:DIV800|Qaux[0]'
Slack : 0.360
TNS   : 0.000

Type  : Fast 1200mV 0C Model Setup 'div800k:DIV800|Qaux[3]'
Slack : 0.366
TNS   : 0.000

Type  : Fast 1200mV 0C Model Setup 'CLOCK_50'
Slack : 0.372
TNS   : 0.000

Type  : Fast 1200mV 0C Model Hold 'div800k:DIV800|Qaux[5]'
Slack : -0.195
TNS   : -0.309

Type  : Fast 1200mV 0C Model Hold 'CLOCK_50'
Slack : -0.114
TNS   : -0.114

Type  : Fast 1200mV 0C Model Hold 'div800k:DIV800|Qaux[3]'
Slack : -0.011
TNS   : -0.011

Type  : Fast 1200mV 0C Model Hold 'div800k:DIV800|Qaux[0]'
Slack : -0.006
TNS   : -0.006

Type  : Fast 1200mV 0C Model Hold 'div800k:DIV800|Qaux[2]'
Slack : -0.006
TNS   : -0.006

Type  : Fast 1200mV 0C Model Hold 'div800k:DIV800|Qaux[1]'
Slack : 0.004
TNS   : 0.000

Type  : Fast 1200mV 0C Model Hold 'div800k:DIV800|Qaux[4]'
Slack : 0.005
TNS   : 0.000

Type  : Fast 1200mV 0C Model Hold 'GPIO1_D[8]'
Slack : 0.188
TNS   : 0.000

Type  : Fast 1200mV 0C Model Hold 'SCCBdrive:SCCBdriver|clk400data'
Slack : 0.188
TNS   : 0.000

Type  : Fast 1200mV 0C Model Hold 'CAPdrive:CAPdriver|Z_1:DEPHASE|Qd[1]'
Slack : 2.150
TNS   : 0.000

Type  : Fast 1200mV 0C Model Recovery 'SCCBdrive:SCCBdriver|clk400data'
Slack : -0.695
TNS   : -0.695

Type  : Fast 1200mV 0C Model Removal 'SCCBdrive:SCCBdriver|clk400data'
Slack : 0.265
TNS   : 0.000

Type  : Fast 1200mV 0C Model Minimum Pulse Width 'GPIO1_D[8]'
Slack : -3.000
TNS   : -29.677

Type  : Fast 1200mV 0C Model Minimum Pulse Width 'SCCBdrive:SCCBdriver|clk400data'
Slack : -1.000
TNS   : -55.000

Type  : Fast 1200mV 0C Model Minimum Pulse Width 'div800k:DIV800|Qaux[5]'
Slack : -1.000
TNS   : -8.000

Type  : Fast 1200mV 0C Model Minimum Pulse Width 'CAPdrive:CAPdriver|Z_1:DEPHASE|Qd[1]'
Slack : -1.000
TNS   : -4.000

Type  : Fast 1200mV 0C Model Minimum Pulse Width 'div800k:DIV800|Qaux[0]'
Slack : -1.000
TNS   : -1.000

Type  : Fast 1200mV 0C Model Minimum Pulse Width 'div800k:DIV800|Qaux[1]'
Slack : -1.000
TNS   : -1.000

Type  : Fast 1200mV 0C Model Minimum Pulse Width 'div800k:DIV800|Qaux[2]'
Slack : -1.000
TNS   : -1.000

Type  : Fast 1200mV 0C Model Minimum Pulse Width 'div800k:DIV800|Qaux[3]'
Slack : -1.000
TNS   : -1.000

Type  : Fast 1200mV 0C Model Minimum Pulse Width 'div800k:DIV800|Qaux[4]'
Slack : -1.000
TNS   : -1.000

Type  : Fast 1200mV 0C Model Minimum Pulse Width 'SCCBdrive:SCCBdriver|C_E'
Slack : 0.473
TNS   : 0.000

Type  : Fast 1200mV 0C Model Minimum Pulse Width 'CLOCK_50'
Slack : 4.516
TNS   : 0.000

------------------------------------------------------------
