------------------------------------------------------------
TimeQuest Timing Analyzer Summary
------------------------------------------------------------

Type  : Slow 1200mV 85C Model Setup 'CLK25|altpll_component|auto_generated|pll1|clk[0]'
Slack : -9.583
TNS   : -1175.382

Type  : Slow 1200mV 85C Model Setup 'CLK_24M|altpll_component|auto_generated|pll1|clk[0]'
Slack : -8.246
TNS   : -1245.689

Type  : Slow 1200mV 85C Model Setup 'SW[0]'
Slack : -4.555
TNS   : -282.762

Type  : Slow 1200mV 85C Model Setup 'RAMs_drive:RAM_controller|v_count_write_aux[0]'
Slack : -2.249
TNS   : -373.893

Type  : Slow 1200mV 85C Model Hold 'SW[0]'
Slack : -4.102
TNS   : -171.838

Type  : Slow 1200mV 85C Model Hold 'RAMs_drive:RAM_controller|v_count_write_aux[0]'
Slack : -0.056
TNS   : -0.104

Type  : Slow 1200mV 85C Model Hold 'CLK_24M|altpll_component|auto_generated|pll1|clk[0]'
Slack : 0.268
TNS   : 0.000

Type  : Slow 1200mV 85C Model Hold 'CLK25|altpll_component|auto_generated|pll1|clk[0]'
Slack : 0.342
TNS   : 0.000

Type  : Slow 1200mV 85C Model Recovery 'CLK25|altpll_component|auto_generated|pll1|clk[0]'
Slack : -2.941
TNS   : -137.733

Type  : Slow 1200mV 85C Model Recovery 'CLK_24M|altpll_component|auto_generated|pll1|clk[0]'
Slack : -2.343
TNS   : -41.653

Type  : Slow 1200mV 85C Model Recovery 'SW[0]'
Slack : -0.395
TNS   : -4.738

Type  : Slow 1200mV 85C Model Removal 'SW[0]'
Slack : -5.344
TNS   : -103.098

Type  : Slow 1200mV 85C Model Removal 'CLK_24M|altpll_component|auto_generated|pll1|clk[0]'
Slack : 1.103
TNS   : 0.000

Type  : Slow 1200mV 85C Model Removal 'CLK25|altpll_component|auto_generated|pll1|clk[0]'
Slack : 1.143
TNS   : 0.000

Type  : Slow 1200mV 85C Model Minimum Pulse Width 'SW[0]'
Slack : -3.000
TNS   : -55.073

Type  : Slow 1200mV 85C Model Minimum Pulse Width 'RAMs_drive:RAM_controller|v_count_write_aux[0]'
Slack : 0.293
TNS   : 0.000

Type  : Slow 1200mV 85C Model Minimum Pulse Width 'CLOCK_50'
Slack : 9.824
TNS   : 0.000

Type  : Slow 1200mV 85C Model Minimum Pulse Width 'CLK25|altpll_component|auto_generated|pll1|clk[0]'
Slack : 19.618
TNS   : 0.000

Type  : Slow 1200mV 85C Model Minimum Pulse Width 'CLK_24M|altpll_component|auto_generated|pll1|clk[0]'
Slack : 639.736
TNS   : 0.000

Type  : Slow 1200mV 0C Model Setup 'CLK25|altpll_component|auto_generated|pll1|clk[0]'
Slack : -8.613
TNS   : -1049.442

Type  : Slow 1200mV 0C Model Setup 'CLK_24M|altpll_component|auto_generated|pll1|clk[0]'
Slack : -7.362
TNS   : -1100.263

Type  : Slow 1200mV 0C Model Setup 'SW[0]'
Slack : -4.214
TNS   : -258.357

Type  : Slow 1200mV 0C Model Setup 'RAMs_drive:RAM_controller|v_count_write_aux[0]'
Slack : -2.090
TNS   : -343.358

Type  : Slow 1200mV 0C Model Hold 'SW[0]'
Slack : -3.581
TNS   : -149.763

Type  : Slow 1200mV 0C Model Hold 'RAMs_drive:RAM_controller|v_count_write_aux[0]'
Slack : 0.053
TNS   : 0.000

Type  : Slow 1200mV 0C Model Hold 'CLK_24M|altpll_component|auto_generated|pll1|clk[0]'
Slack : 0.145
TNS   : 0.000

Type  : Slow 1200mV 0C Model Hold 'CLK25|altpll_component|auto_generated|pll1|clk[0]'
Slack : 0.297
TNS   : 0.000

Type  : Slow 1200mV 0C Model Recovery 'CLK25|altpll_component|auto_generated|pll1|clk[0]'
Slack : -2.613
TNS   : -122.583

Type  : Slow 1200mV 0C Model Recovery 'CLK_24M|altpll_component|auto_generated|pll1|clk[0]'
Slack : -2.051
TNS   : -36.352

Type  : Slow 1200mV 0C Model Recovery 'SW[0]'
Slack : -0.404
TNS   : -4.428

Type  : Slow 1200mV 0C Model Removal 'SW[0]'
Slack : -4.699
TNS   : -90.473

Type  : Slow 1200mV 0C Model Removal 'CLK25|altpll_component|auto_generated|pll1|clk[0]'
Slack : 0.987
TNS   : 0.000

Type  : Slow 1200mV 0C Model Removal 'CLK_24M|altpll_component|auto_generated|pll1|clk[0]'
Slack : 0.996
TNS   : 0.000

Type  : Slow 1200mV 0C Model Minimum Pulse Width 'SW[0]'
Slack : -3.000
TNS   : -46.480

Type  : Slow 1200mV 0C Model Minimum Pulse Width 'RAMs_drive:RAM_controller|v_count_write_aux[0]'
Slack : 0.373
TNS   : 0.000

Type  : Slow 1200mV 0C Model Minimum Pulse Width 'CLOCK_50'
Slack : 9.784
TNS   : 0.000

Type  : Slow 1200mV 0C Model Minimum Pulse Width 'CLK25|altpll_component|auto_generated|pll1|clk[0]'
Slack : 19.610
TNS   : 0.000

Type  : Slow 1200mV 0C Model Minimum Pulse Width 'CLK_24M|altpll_component|auto_generated|pll1|clk[0]'
Slack : 639.741
TNS   : 0.000

Type  : Fast 1200mV 0C Model Setup 'CLK25|altpll_component|auto_generated|pll1|clk[0]'
Slack : -5.744
TNS   : -699.350

Type  : Fast 1200mV 0C Model Setup 'CLK_24M|altpll_component|auto_generated|pll1|clk[0]'
Slack : -4.932
TNS   : -689.486

Type  : Fast 1200mV 0C Model Setup 'SW[0]'
Slack : -2.775
TNS   : -162.839

Type  : Fast 1200mV 0C Model Setup 'RAMs_drive:RAM_controller|v_count_write_aux[0]'
Slack : -1.080
TNS   : -143.292

Type  : Fast 1200mV 0C Model Hold 'SW[0]'
Slack : -2.603
TNS   : -122.816

Type  : Fast 1200mV 0C Model Hold 'RAMs_drive:RAM_controller|v_count_write_aux[0]'
Slack : -0.126
TNS   : -0.775

Type  : Fast 1200mV 0C Model Hold 'CLK_24M|altpll_component|auto_generated|pll1|clk[0]'
Slack : 0.054
TNS   : 0.000

Type  : Fast 1200mV 0C Model Hold 'CLK25|altpll_component|auto_generated|pll1|clk[0]'
Slack : 0.179
TNS   : 0.000

Type  : Fast 1200mV 0C Model Recovery 'CLK25|altpll_component|auto_generated|pll1|clk[0]'
Slack : -2.057
TNS   : -98.432

Type  : Fast 1200mV 0C Model Recovery 'CLK_24M|altpll_component|auto_generated|pll1|clk[0]'
Slack : -1.477
TNS   : -26.328

Type  : Fast 1200mV 0C Model Recovery 'SW[0]'
Slack : -0.188
TNS   : -1.378

Type  : Fast 1200mV 0C Model Removal 'SW[0]'
Slack : -3.250
TNS   : -63.957

Type  : Fast 1200mV 0C Model Removal 'CLK_24M|altpll_component|auto_generated|pll1|clk[0]'
Slack : 0.529
TNS   : 0.000

Type  : Fast 1200mV 0C Model Removal 'CLK25|altpll_component|auto_generated|pll1|clk[0]'
Slack : 0.590
TNS   : 0.000

Type  : Fast 1200mV 0C Model Minimum Pulse Width 'SW[0]'
Slack : -3.000
TNS   : -19.713

Type  : Fast 1200mV 0C Model Minimum Pulse Width 'RAMs_drive:RAM_controller|v_count_write_aux[0]'
Slack : 0.240
TNS   : 0.000

Type  : Fast 1200mV 0C Model Minimum Pulse Width 'CLOCK_50'
Slack : 9.584
TNS   : 0.000

Type  : Fast 1200mV 0C Model Minimum Pulse Width 'CLK25|altpll_component|auto_generated|pll1|clk[0]'
Slack : 19.605
TNS   : 0.000

Type  : Fast 1200mV 0C Model Minimum Pulse Width 'CLK_24M|altpll_component|auto_generated|pll1|clk[0]'
Slack : 639.745
TNS   : 0.000

------------------------------------------------------------
