------------------------------------------------------------
TimeQuest Timing Analyzer Summary
------------------------------------------------------------

Type  : Slow 1200mV 85C Model Setup 'CLK25|altpll_component|auto_generated|pll1|clk[0]'
Slack : 35.050
TNS   : 0.000

Type  : Slow 1200mV 85C Model Hold 'CLK25|altpll_component|auto_generated|pll1|clk[0]'
Slack : 0.558
TNS   : 0.000

Type  : Slow 1200mV 85C Model Minimum Pulse Width 'CLOCK_50'
Slack : 9.825
TNS   : 0.000

Type  : Slow 1200mV 85C Model Minimum Pulse Width 'CLK25|altpll_component|auto_generated|pll1|clk[0]'
Slack : 19.619
TNS   : 0.000

Type  : Slow 1200mV 0C Model Setup 'CLK25|altpll_component|auto_generated|pll1|clk[0]'
Slack : 35.470
TNS   : 0.000

Type  : Slow 1200mV 0C Model Hold 'CLK25|altpll_component|auto_generated|pll1|clk[0]'
Slack : 0.502
TNS   : 0.000

Type  : Slow 1200mV 0C Model Minimum Pulse Width 'CLOCK_50'
Slack : 9.785
TNS   : 0.000

Type  : Slow 1200mV 0C Model Minimum Pulse Width 'CLK25|altpll_component|auto_generated|pll1|clk[0]'
Slack : 19.612
TNS   : 0.000

Type  : Fast 1200mV 0C Model Setup 'CLK25|altpll_component|auto_generated|pll1|clk[0]'
Slack : 37.021
TNS   : 0.000

Type  : Fast 1200mV 0C Model Hold 'CLK25|altpll_component|auto_generated|pll1|clk[0]'
Slack : 0.298
TNS   : 0.000

Type  : Fast 1200mV 0C Model Minimum Pulse Width 'CLOCK_50'
Slack : 9.585
TNS   : 0.000

Type  : Fast 1200mV 0C Model Minimum Pulse Width 'CLK25|altpll_component|auto_generated|pll1|clk[0]'
Slack : 19.649
TNS   : 0.000

------------------------------------------------------------
