------------------------------------------------------------
TimeQuest Timing Analyzer Summary
------------------------------------------------------------

Type  : Slow 1200mV 85C Model Setup 'div_clk:DIV|Clk_aux'
Slack : -1.885
TNS   : -31.571

Type  : Slow 1200mV 85C Model Setup 'CLOCK_50'
Slack : -1.468
TNS   : -11.123

Type  : Slow 1200mV 85C Model Hold 'CLOCK_50'
Slack : -0.193
TNS   : -0.193

Type  : Slow 1200mV 85C Model Hold 'div_clk:DIV|Clk_aux'
Slack : 0.344
TNS   : 0.000

Type  : Slow 1200mV 85C Model Minimum Pulse Width 'CLOCK_50'
Slack : -3.000
TNS   : -15.000

Type  : Slow 1200mV 85C Model Minimum Pulse Width 'div_clk:DIV|Clk_aux'
Slack : -1.000
TNS   : -28.000

Type  : Slow 1200mV 0C Model Setup 'div_clk:DIV|Clk_aux'
Slack : -1.597
TNS   : -25.367

Type  : Slow 1200mV 0C Model Setup 'CLOCK_50'
Slack : -1.199
TNS   : -8.621

Type  : Slow 1200mV 0C Model Hold 'CLOCK_50'
Slack : -0.176
TNS   : -0.176

Type  : Slow 1200mV 0C Model Hold 'div_clk:DIV|Clk_aux'
Slack : 0.299
TNS   : 0.000

Type  : Slow 1200mV 0C Model Minimum Pulse Width 'CLOCK_50'
Slack : -3.000
TNS   : -15.000

Type  : Slow 1200mV 0C Model Minimum Pulse Width 'div_clk:DIV|Clk_aux'
Slack : -1.000
TNS   : -28.000

Type  : Fast 1200mV 0C Model Setup 'div_clk:DIV|Clk_aux'
Slack : -0.580
TNS   : -6.497

Type  : Fast 1200mV 0C Model Setup 'CLOCK_50'
Slack : -0.372
TNS   : -1.638

Type  : Fast 1200mV 0C Model Hold 'CLOCK_50'
Slack : -0.187
TNS   : -0.187

Type  : Fast 1200mV 0C Model Hold 'div_clk:DIV|Clk_aux'
Slack : 0.179
TNS   : 0.000

Type  : Fast 1200mV 0C Model Minimum Pulse Width 'CLOCK_50'
Slack : -3.000
TNS   : -15.701

Type  : Fast 1200mV 0C Model Minimum Pulse Width 'div_clk:DIV|Clk_aux'
Slack : -1.000
TNS   : -28.000

------------------------------------------------------------
