------------------------------------------------------------
TimeQuest Timing Analyzer Summary
------------------------------------------------------------

Type  : Slow 1200mV 85C Model Setup 'CAPonce:CAP11|CAPclk'
Slack : -4.381
TNS   : -593.691

Type  : Slow 1200mV 85C Model Setup 'CLK_25M|altpll_component|auto_generated|pll1|clk[0]'
Slack : -4.327
TNS   : -4.327

Type  : Slow 1200mV 85C Model Setup 'SCCBdrive:SCCBdriver|clk400data'
Slack : -1.632
TNS   : -33.868

Type  : Slow 1200mV 85C Model Setup 'GPIO1_D[4]'
Slack : -0.218
TNS   : -0.529

Type  : Slow 1200mV 85C Model Setup 'CAPonce:CAP11|Z_1:DEPHASE|Qd[1]'
Slack : -0.027
TNS   : -0.027

Type  : Slow 1200mV 85C Model Setup 'DIV800|altpll_component|auto_generated|pll1|clk[0]'
Slack : 0.122
TNS   : 0.000

Type  : Slow 1200mV 85C Model Setup 'SCCBdrive:SCCBdriver|clk400'
Slack : 0.318
TNS   : 0.000

Type  : Slow 1200mV 85C Model Hold 'DIV800|altpll_component|auto_generated|pll1|clk[0]'
Slack : -0.605
TNS   : -1.634

Type  : Slow 1200mV 85C Model Hold 'SCCBdrive:SCCBdriver|clk400data'
Slack : -0.115
TNS   : -0.713

Type  : Slow 1200mV 85C Model Hold 'CAPonce:CAP11|Z_1:DEPHASE|Qd[1]'
Slack : 0.103
TNS   : 0.000

Type  : Slow 1200mV 85C Model Hold 'SCCBdrive:SCCBdriver|clk400'
Slack : 0.147
TNS   : 0.000

Type  : Slow 1200mV 85C Model Hold 'GPIO1_D[4]'
Slack : 0.361
TNS   : 0.000

Type  : Slow 1200mV 85C Model Hold 'CAPonce:CAP11|CAPclk'
Slack : 0.399
TNS   : 0.000

Type  : Slow 1200mV 85C Model Hold 'CLK_25M|altpll_component|auto_generated|pll1|clk[0]'
Slack : 0.504
TNS   : 0.000

Type  : Slow 1200mV 85C Model Recovery 'SCCBdrive:SCCBdriver|clk400data'
Slack : -1.458
TNS   : -7.179

Type  : Slow 1200mV 85C Model Removal 'SCCBdrive:SCCBdriver|clk400data'
Slack : 0.070
TNS   : 0.000

Type  : Slow 1200mV 85C Model Minimum Pulse Width 'GPIO1_D[4]'
Slack : -3.000
TNS   : -15.540

Type  : Slow 1200mV 85C Model Minimum Pulse Width 'CAPonce:CAP11|CAPclk'
Slack : -2.174
TNS   : -320.704

Type  : Slow 1200mV 85C Model Minimum Pulse Width 'SCCBdrive:SCCBdriver|clk400data'
Slack : -1.000
TNS   : -55.000

Type  : Slow 1200mV 85C Model Minimum Pulse Width 'CAPonce:CAP11|Z_1:DEPHASE|Qd[1]'
Slack : -1.000
TNS   : -1.000

Type  : Slow 1200mV 85C Model Minimum Pulse Width 'SCCBdrive:SCCBdriver|clk400'
Slack : -1.000
TNS   : -1.000

Type  : Slow 1200mV 85C Model Minimum Pulse Width 'SCCBdrive:SCCBdriver|C_E'
Slack : 0.480
TNS   : 0.000

Type  : Slow 1200mV 85C Model Minimum Pulse Width 'CLOCK_50'
Slack : 4.817
TNS   : 0.000

Type  : Slow 1200mV 85C Model Minimum Pulse Width 'CLK_25M|altpll_component|auto_generated|pll1|clk[0]'
Slack : 9.601
TNS   : 0.000

Type  : Slow 1200mV 85C Model Minimum Pulse Width 'DIV800|altpll_component|auto_generated|pll1|clk[0]'
Slack : 312.252
TNS   : 0.000

Type  : Slow 1200mV 0C Model Setup 'CAPonce:CAP11|CAPclk'
Slack : -3.975
TNS   : -520.128

Type  : Slow 1200mV 0C Model Setup 'CLK_25M|altpll_component|auto_generated|pll1|clk[0]'
Slack : -3.889
TNS   : -3.889

Type  : Slow 1200mV 0C Model Setup 'SCCBdrive:SCCBdriver|clk400data'
Slack : -1.360
TNS   : -24.786

Type  : Slow 1200mV 0C Model Setup 'GPIO1_D[4]'
Slack : -0.154
TNS   : -0.332

Type  : Slow 1200mV 0C Model Setup 'CAPonce:CAP11|Z_1:DEPHASE|Qd[1]'
Slack : 0.022
TNS   : 0.000

Type  : Slow 1200mV 0C Model Setup 'DIV800|altpll_component|auto_generated|pll1|clk[0]'
Slack : 0.270
TNS   : 0.000

Type  : Slow 1200mV 0C Model Setup 'SCCBdrive:SCCBdriver|clk400'
Slack : 0.398
TNS   : 0.000

Type  : Slow 1200mV 0C Model Hold 'DIV800|altpll_component|auto_generated|pll1|clk[0]'
Slack : -0.645
TNS   : -1.785

Type  : Slow 1200mV 0C Model Hold 'SCCBdrive:SCCBdriver|clk400data'
Slack : 0.008
TNS   : 0.000

Type  : Slow 1200mV 0C Model Hold 'CAPonce:CAP11|Z_1:DEPHASE|Qd[1]'
Slack : 0.079
TNS   : 0.000

Type  : Slow 1200mV 0C Model Hold 'SCCBdrive:SCCBdriver|clk400'
Slack : 0.131
TNS   : 0.000

Type  : Slow 1200mV 0C Model Hold 'GPIO1_D[4]'
Slack : 0.320
TNS   : 0.000

Type  : Slow 1200mV 0C Model Hold 'CAPonce:CAP11|CAPclk'
Slack : 0.353
TNS   : 0.000

Type  : Slow 1200mV 0C Model Hold 'CLK_25M|altpll_component|auto_generated|pll1|clk[0]'
Slack : 0.455
TNS   : 0.000

Type  : Slow 1200mV 0C Model Recovery 'SCCBdrive:SCCBdriver|clk400data'
Slack : -1.228
TNS   : -4.071

Type  : Slow 1200mV 0C Model Removal 'SCCBdrive:SCCBdriver|clk400data'
Slack : 0.117
TNS   : 0.000

Type  : Slow 1200mV 0C Model Minimum Pulse Width 'GPIO1_D[4]'
Slack : -3.000
TNS   : -15.092

Type  : Slow 1200mV 0C Model Minimum Pulse Width 'CAPonce:CAP11|CAPclk'
Slack : -2.174
TNS   : -320.704

Type  : Slow 1200mV 0C Model Minimum Pulse Width 'SCCBdrive:SCCBdriver|clk400data'
Slack : -1.000
TNS   : -55.000

Type  : Slow 1200mV 0C Model Minimum Pulse Width 'CAPonce:CAP11|Z_1:DEPHASE|Qd[1]'
Slack : -1.000
TNS   : -1.000

Type  : Slow 1200mV 0C Model Minimum Pulse Width 'SCCBdrive:SCCBdriver|clk400'
Slack : -1.000
TNS   : -1.000

Type  : Slow 1200mV 0C Model Minimum Pulse Width 'SCCBdrive:SCCBdriver|C_E'
Slack : 0.487
TNS   : 0.000

Type  : Slow 1200mV 0C Model Minimum Pulse Width 'CLOCK_50'
Slack : 4.785
TNS   : 0.000

Type  : Slow 1200mV 0C Model Minimum Pulse Width 'CLK_25M|altpll_component|auto_generated|pll1|clk[0]'
Slack : 9.643
TNS   : 0.000

Type  : Slow 1200mV 0C Model Minimum Pulse Width 'DIV800|altpll_component|auto_generated|pll1|clk[0]'
Slack : 312.247
TNS   : 0.000

Type  : Fast 1200mV 0C Model Setup 'CAPonce:CAP11|CAPclk'
Slack : -2.686
TNS   : -317.044

Type  : Fast 1200mV 0C Model Setup 'CLK_25M|altpll_component|auto_generated|pll1|clk[0]'
Slack : -2.448
TNS   : -2.448

Type  : Fast 1200mV 0C Model Setup 'SCCBdrive:SCCBdriver|clk400data'
Slack : -0.507
TNS   : -4.492

Type  : Fast 1200mV 0C Model Setup 'CAPonce:CAP11|Z_1:DEPHASE|Qd[1]'
Slack : 0.220
TNS   : 0.000

Type  : Fast 1200mV 0C Model Setup 'DIV800|altpll_component|auto_generated|pll1|clk[0]'
Slack : 0.252
TNS   : 0.000

Type  : Fast 1200mV 0C Model Setup 'GPIO1_D[4]'
Slack : 0.572
TNS   : 0.000

Type  : Fast 1200mV 0C Model Setup 'SCCBdrive:SCCBdriver|clk400'
Slack : 0.626
TNS   : 0.000

Type  : Fast 1200mV 0C Model Hold 'DIV800|altpll_component|auto_generated|pll1|clk[0]'
Slack : -0.417
TNS   : -1.122

Type  : Fast 1200mV 0C Model Hold 'SCCBdrive:SCCBdriver|clk400data'
Slack : -0.199
TNS   : -1.857

Type  : Fast 1200mV 0C Model Hold 'CAPonce:CAP11|Z_1:DEPHASE|Qd[1]'
Slack : 0.053
TNS   : 0.000

Type  : Fast 1200mV 0C Model Hold 'GPIO1_D[4]'
Slack : 0.071
TNS   : 0.000

Type  : Fast 1200mV 0C Model Hold 'SCCBdrive:SCCBdriver|clk400'
Slack : 0.072
TNS   : 0.000

Type  : Fast 1200mV 0C Model Hold 'CAPonce:CAP11|CAPclk'
Slack : 0.209
TNS   : 0.000

Type  : Fast 1200mV 0C Model Hold 'CLK_25M|altpll_component|auto_generated|pll1|clk[0]'
Slack : 0.269
TNS   : 0.000

Type  : Fast 1200mV 0C Model Recovery 'SCCBdrive:SCCBdriver|clk400data'
Slack : -0.611
TNS   : -0.611

Type  : Fast 1200mV 0C Model Removal 'SCCBdrive:SCCBdriver|clk400data'
Slack : 0.193
TNS   : 0.000

Type  : Fast 1200mV 0C Model Minimum Pulse Width 'GPIO1_D[4]'
Slack : -3.000
TNS   : -22.508

Type  : Fast 1200mV 0C Model Minimum Pulse Width 'CAPonce:CAP11|CAPclk'
Slack : -1.000
TNS   : -208.000

Type  : Fast 1200mV 0C Model Minimum Pulse Width 'SCCBdrive:SCCBdriver|clk400data'
Slack : -1.000
TNS   : -55.000

Type  : Fast 1200mV 0C Model Minimum Pulse Width 'CAPonce:CAP11|Z_1:DEPHASE|Qd[1]'
Slack : -1.000
TNS   : -1.000

Type  : Fast 1200mV 0C Model Minimum Pulse Width 'SCCBdrive:SCCBdriver|clk400'
Slack : -1.000
TNS   : -1.000

Type  : Fast 1200mV 0C Model Minimum Pulse Width 'SCCBdrive:SCCBdriver|C_E'
Slack : 0.480
TNS   : 0.000

Type  : Fast 1200mV 0C Model Minimum Pulse Width 'CLOCK_50'
Slack : 4.585
TNS   : 0.000

Type  : Fast 1200mV 0C Model Minimum Pulse Width 'CLK_25M|altpll_component|auto_generated|pll1|clk[0]'
Slack : 9.641
TNS   : 0.000

Type  : Fast 1200mV 0C Model Minimum Pulse Width 'DIV800|altpll_component|auto_generated|pll1|clk[0]'
Slack : 312.271
TNS   : 0.000

------------------------------------------------------------
