------------------------------------------------------------
TimeQuest Timing Analyzer Summary
------------------------------------------------------------

Type  : Slow 1200mV 85C Model Setup 'CAPdiez:CAP10|CAPclk'
Slack : -3.174
TNS   : -283.379

Type  : Slow 1200mV 85C Model Setup 'SCCBdrive:SCCBdriver|clk400data'
Slack : -1.809
TNS   : -33.594

Type  : Slow 1200mV 85C Model Setup 'GPIO1_D[8]'
Slack : -0.088
TNS   : -0.336

Type  : Slow 1200mV 85C Model Setup 'CAPdiez:CAP10|Z_1:DEPHASE|Qd[1]'
Slack : 0.092
TNS   : 0.000

Type  : Slow 1200mV 85C Model Setup 'SCCBdrive:SCCBdriver|clk400'
Slack : 0.146
TNS   : 0.000

Type  : Slow 1200mV 85C Model Setup 'DIV800|altpll_component|auto_generated|pll1|clk[0]'
Slack : 0.243
TNS   : 0.000

Type  : Slow 1200mV 85C Model Setup 'CLK_25M|altpll_component|auto_generated|pll1|clk[0]'
Slack : 1.210
TNS   : 0.000

Type  : Slow 1200mV 85C Model Hold 'DIV800|altpll_component|auto_generated|pll1|clk[0]'
Slack : -0.600
TNS   : -1.748

Type  : Slow 1200mV 85C Model Hold 'SCCBdrive:SCCBdriver|clk400data'
Slack : -0.291
TNS   : -2.189

Type  : Slow 1200mV 85C Model Hold 'CAPdiez:CAP10|Z_1:DEPHASE|Qd[1]'
Slack : 0.045
TNS   : 0.000

Type  : Slow 1200mV 85C Model Hold 'GPIO1_D[8]'
Slack : 0.361
TNS   : 0.000

Type  : Slow 1200mV 85C Model Hold 'SCCBdrive:SCCBdriver|clk400'
Slack : 0.385
TNS   : 0.000

Type  : Slow 1200mV 85C Model Hold 'CAPdiez:CAP10|CAPclk'
Slack : 0.390
TNS   : 0.000

Type  : Slow 1200mV 85C Model Hold 'CLK_25M|altpll_component|auto_generated|pll1|clk[0]'
Slack : 0.568
TNS   : 0.000

Type  : Slow 1200mV 85C Model Recovery 'SCCBdrive:SCCBdriver|clk400data'
Slack : -1.500
TNS   : -2.800

Type  : Slow 1200mV 85C Model Removal 'SCCBdrive:SCCBdriver|clk400data'
Slack : 0.014
TNS   : 0.000

Type  : Slow 1200mV 85C Model Minimum Pulse Width 'GPIO1_D[8]'
Slack : -3.000
TNS   : -15.324

Type  : Slow 1200mV 85C Model Minimum Pulse Width 'CAPdiez:CAP10|CAPclk'
Slack : -2.174
TNS   : -236.704

Type  : Slow 1200mV 85C Model Minimum Pulse Width 'SCCBdrive:SCCBdriver|clk400data'
Slack : -1.000
TNS   : -55.000

Type  : Slow 1200mV 85C Model Minimum Pulse Width 'CAPdiez:CAP10|Z_1:DEPHASE|Qd[1]'
Slack : -1.000
TNS   : -1.000

Type  : Slow 1200mV 85C Model Minimum Pulse Width 'SCCBdrive:SCCBdriver|clk400'
Slack : -1.000
TNS   : -1.000

Type  : Slow 1200mV 85C Model Minimum Pulse Width 'SCCBdrive:SCCBdriver|C_E'
Slack : 0.393
TNS   : 0.000

Type  : Slow 1200mV 85C Model Minimum Pulse Width 'CLOCK_50'
Slack : 4.815
TNS   : 0.000

Type  : Slow 1200mV 85C Model Minimum Pulse Width 'CLK_25M|altpll_component|auto_generated|pll1|clk[0]'
Slack : 9.647
TNS   : 0.000

Type  : Slow 1200mV 85C Model Minimum Pulse Width 'DIV800|altpll_component|auto_generated|pll1|clk[0]'
Slack : 312.253
TNS   : 0.000

Type  : Slow 1200mV 0C Model Setup 'CAPdiez:CAP10|CAPclk'
Slack : -2.919
TNS   : -249.555

Type  : Slow 1200mV 0C Model Setup 'SCCBdrive:SCCBdriver|clk400data'
Slack : -1.530
TNS   : -24.623

Type  : Slow 1200mV 0C Model Setup 'GPIO1_D[8]'
Slack : -0.015
TNS   : -0.056

Type  : Slow 1200mV 0C Model Setup 'CAPdiez:CAP10|Z_1:DEPHASE|Qd[1]'
Slack : 0.153
TNS   : 0.000

Type  : Slow 1200mV 0C Model Setup 'SCCBdrive:SCCBdriver|clk400'
Slack : 0.239
TNS   : 0.000

Type  : Slow 1200mV 0C Model Setup 'DIV800|altpll_component|auto_generated|pll1|clk[0]'
Slack : 0.372
TNS   : 0.000

Type  : Slow 1200mV 0C Model Setup 'CLK_25M|altpll_component|auto_generated|pll1|clk[0]'
Slack : 2.110
TNS   : 0.000

Type  : Slow 1200mV 0C Model Hold 'DIV800|altpll_component|auto_generated|pll1|clk[0]'
Slack : -0.636
TNS   : -1.882

Type  : Slow 1200mV 0C Model Hold 'SCCBdrive:SCCBdriver|clk400data'
Slack : -0.172
TNS   : -0.917

Type  : Slow 1200mV 0C Model Hold 'CAPdiez:CAP10|Z_1:DEPHASE|Qd[1]'
Slack : 0.017
TNS   : 0.000

Type  : Slow 1200mV 0C Model Hold 'GPIO1_D[8]'
Slack : 0.320
TNS   : 0.000

Type  : Slow 1200mV 0C Model Hold 'SCCBdrive:SCCBdriver|clk400'
Slack : 0.341
TNS   : 0.000

Type  : Slow 1200mV 0C Model Hold 'CAPdiez:CAP10|CAPclk'
Slack : 0.347
TNS   : 0.000

Type  : Slow 1200mV 0C Model Hold 'CLK_25M|altpll_component|auto_generated|pll1|clk[0]'
Slack : 0.510
TNS   : 0.000

Type  : Slow 1200mV 0C Model Recovery 'SCCBdrive:SCCBdriver|clk400data'
Slack : -1.291
TNS   : -1.654

Type  : Slow 1200mV 0C Model Removal 'SCCBdrive:SCCBdriver|clk400data'
Slack : 0.069
TNS   : 0.000

Type  : Slow 1200mV 0C Model Minimum Pulse Width 'GPIO1_D[8]'
Slack : -3.000
TNS   : -15.132

Type  : Slow 1200mV 0C Model Minimum Pulse Width 'CAPdiez:CAP10|CAPclk'
Slack : -2.174
TNS   : -236.704

Type  : Slow 1200mV 0C Model Minimum Pulse Width 'SCCBdrive:SCCBdriver|clk400data'
Slack : -1.000
TNS   : -55.000

Type  : Slow 1200mV 0C Model Minimum Pulse Width 'CAPdiez:CAP10|Z_1:DEPHASE|Qd[1]'
Slack : -1.000
TNS   : -1.000

Type  : Slow 1200mV 0C Model Minimum Pulse Width 'SCCBdrive:SCCBdriver|clk400'
Slack : -1.000
TNS   : -1.000

Type  : Slow 1200mV 0C Model Minimum Pulse Width 'SCCBdrive:SCCBdriver|C_E'
Slack : 0.444
TNS   : 0.000

Type  : Slow 1200mV 0C Model Minimum Pulse Width 'CLOCK_50'
Slack : 4.785
TNS   : 0.000

Type  : Slow 1200mV 0C Model Minimum Pulse Width 'CLK_25M|altpll_component|auto_generated|pll1|clk[0]'
Slack : 9.677
TNS   : 0.000

Type  : Slow 1200mV 0C Model Minimum Pulse Width 'DIV800|altpll_component|auto_generated|pll1|clk[0]'
Slack : 312.248
TNS   : 0.000

Type  : Fast 1200mV 0C Model Setup 'CAPdiez:CAP10|CAPclk'
Slack : -2.101
TNS   : -148.416

Type  : Fast 1200mV 0C Model Setup 'SCCBdrive:SCCBdriver|clk400data'
Slack : -0.643
TNS   : -6.460

Type  : Fast 1200mV 0C Model Setup 'CAPdiez:CAP10|Z_1:DEPHASE|Qd[1]'
Slack : 0.273
TNS   : 0.000

Type  : Fast 1200mV 0C Model Setup 'DIV800|altpll_component|auto_generated|pll1|clk[0]'
Slack : 0.320
TNS   : 0.000

Type  : Fast 1200mV 0C Model Setup 'SCCBdrive:SCCBdriver|clk400'
Slack : 0.529
TNS   : 0.000

Type  : Fast 1200mV 0C Model Setup 'GPIO1_D[8]'
Slack : 0.577
TNS   : 0.000

Type  : Fast 1200mV 0C Model Setup 'CLK_25M|altpll_component|auto_generated|pll1|clk[0]'
Slack : 5.142
TNS   : 0.000

Type  : Fast 1200mV 0C Model Hold 'DIV800|altpll_component|auto_generated|pll1|clk[0]'
Slack : -0.411
TNS   : -1.169

Type  : Fast 1200mV 0C Model Hold 'SCCBdrive:SCCBdriver|clk400data'
Slack : -0.326
TNS   : -3.454

Type  : Fast 1200mV 0C Model Hold 'CAPdiez:CAP10|Z_1:DEPHASE|Qd[1]'
Slack : 0.020
TNS   : 0.000

Type  : Fast 1200mV 0C Model Hold 'GPIO1_D[8]'
Slack : 0.050
TNS   : 0.000

Type  : Fast 1200mV 0C Model Hold 'CAPdiez:CAP10|CAPclk'
Slack : 0.203
TNS   : 0.000

Type  : Fast 1200mV 0C Model Hold 'SCCBdrive:SCCBdriver|clk400'
Slack : 0.208
TNS   : 0.000

Type  : Fast 1200mV 0C Model Hold 'CLK_25M|altpll_component|auto_generated|pll1|clk[0]'
Slack : 0.304
TNS   : 0.000

Type  : Fast 1200mV 0C Model Recovery 'SCCBdrive:SCCBdriver|clk400data'
Slack : -0.623
TNS   : -0.623

Type  : Fast 1200mV 0C Model Removal 'SCCBdrive:SCCBdriver|clk400data'
Slack : 0.114
TNS   : 0.000

Type  : Fast 1200mV 0C Model Minimum Pulse Width 'GPIO1_D[8]'
Slack : -3.000
TNS   : -20.869

Type  : Fast 1200mV 0C Model Minimum Pulse Width 'CAPdiez:CAP10|CAPclk'
Slack : -1.000
TNS   : -124.000

Type  : Fast 1200mV 0C Model Minimum Pulse Width 'SCCBdrive:SCCBdriver|clk400data'
Slack : -1.000
TNS   : -55.000

Type  : Fast 1200mV 0C Model Minimum Pulse Width 'CAPdiez:CAP10|Z_1:DEPHASE|Qd[1]'
Slack : -1.000
TNS   : -1.000

Type  : Fast 1200mV 0C Model Minimum Pulse Width 'SCCBdrive:SCCBdriver|clk400'
Slack : -1.000
TNS   : -1.000

Type  : Fast 1200mV 0C Model Minimum Pulse Width 'SCCBdrive:SCCBdriver|C_E'
Slack : 0.395
TNS   : 0.000

Type  : Fast 1200mV 0C Model Minimum Pulse Width 'CLOCK_50'
Slack : 4.585
TNS   : 0.000

Type  : Fast 1200mV 0C Model Minimum Pulse Width 'CLK_25M|altpll_component|auto_generated|pll1|clk[0]'
Slack : 9.654
TNS   : 0.000

Type  : Fast 1200mV 0C Model Minimum Pulse Width 'DIV800|altpll_component|auto_generated|pll1|clk[0]'
Slack : 312.271
TNS   : 0.000

------------------------------------------------------------
